// Jest Snapshot v1, https://goo.gl/fbAQLP

exports[`tokens SectionStyles 1`] = `
Array [
  "
	background: #191919;  
    border-radius: 20px;
	box-shadow: 20px 20px 60px rgb(0 0 0 / 50%), -20px -20px 60px rgb(255 255 255 / 5%);
	color: white;
	padding: 64px 48px;
	max-width: 980px;
	margin: 80px auto;

	@media screen and (max-width: 980px) {
		padding: 40px 20px;
		width: 560px;
	}

	@media screen and (max-width: 600px) {
		padding: 40px 20px;
		width: 335px;
	}
",
]
`;

exports[`tokens colours 1`] = `
Object {
  "blue": "#aed9e0",
  "darkBlue": "#5e6472",
  "green": "#b8f2e6",
  "red": "#ffa69e",
  "yellow": "#faf3dd",
}
`;

exports[`tokens spacing 1`] = `
Object {
  "large": "40px",
  "medium": "20px",
  "small": "10px",
  "xlarge": "60px",
}
`;
