// Jest Snapshot v1, https://goo.gl/fbAQLP

exports[`tokens SectionStyles 1`] = `
Array [
  "
    border-radius: 20px;
	box-shadow: 20px 20px 60px rgb(0 0 0 / 50%), -20px -20px 60px rgb(255 255 255 / 5%);
	padding: 64px 48px;
	max-width: 980px;
	margin: 80px auto;

	@media screen and (max-width: 980px) {
		padding: 40px 20px;
		width: 560px;
	}

	@media screen and (max-width: 600px) {
		padding: 40px 20px;
		width: 335px;
	}
",
]
`;

exports[`tokens darkTheme 1`] = `
Object {
  "background": "linear-gradient(to bottom right, #383838, #1E1E1E)",
  "border": "#EDEFE7",
  "fontColor": "white",
  "primaryBackground": "#222",
  "secondaryBackground": "radial-gradient(118.99% 670.46% at -7.06% -9.5%,#191919 0%,#0a0a0a 100%)",
  "sectionBackground": "radial-gradient(118.99% 670.46% at -7.06% -9.5%,#191919 0%,#0a0a0a 100%)",
}
`;

exports[`tokens lightTheme 1`] = `
Object {
  "background": "linear-gradient(to bottom right, #EDEBEF, #A6A7A4)",
  "border": "#32342B",
  "fontColor": "black",
  "primaryBackground": "#eee",
  "secondaryBackground": "radial-gradient(118.99% 670.46% at -7.06% -9.5%,#FFFFFF 0%,#F1F1F1 100%)",
  "sectionBackground": "radial-gradient(118.99% 670.46% at -7.06% -9.5%,#FFFFFF 0%,#F1F1F1 100%)",
}
`;
