// Jest Snapshot v1, https://goo.gl/fbAQLP

exports[`Introduction component component matches snapshot 1`] = `
<styled.header>
  <styled.div>
    <styled.div>
      <styled.h1>
        Jack Hutchinson
      </styled.h1>
      <styled.h2>
        Senior Front end engineer at
         
        <styled.a
          href="https://checkout.com"
          rel="noopener noreferrer"
          target="_blank"
        >
          Checkout.com
        </styled.a>
      </styled.h2>
      <styled.p>
        Building reliable and scalable systems by day. Leveraging technology to launch fully featured products by night. Design systems · A11y · Javascript
      </styled.p>
      <Socials />
    </styled.div>
    <styled.img
      alt="Spaceman"
      height="480px"
      loading="lazy"
      src="space.jpg"
      width="343px"
    />
  </styled.div>
</styled.header>
`;
