// Jest Snapshot v1, https://goo.gl/fbAQLP

exports[`ContactMe component component matches snapshot 1`] = `
<styled.section>
  <styled.div>
    <styled.h3
      theme={
        Object {
          "background": "linear-gradient(to bottom right, #383838, #1E1E1E)",
          "border": "#EDEFE7",
          "fontColor": "white",
          "highlight": "#5198db",
          "imgShadow": "rgb(0 0 0 / 80%)",
          "primaryBackground": "#222",
          "secondarFontColor": "#AFB0B3",
          "secondaryBackground": "radial-gradient(118.99% 670.46% at -7.06% -9.5%,#191919 0%,#0a0a0a 100%)",
          "sectionBackground": "radial-gradient(118.99% 670.46% at -7.06% -9.5%,#191919 0%,#0a0a0a 100%)",
          "svgFill": "white",
        }
      }
    >
      <div>
        Contact Me
      </div>
    </styled.h3>
    <styled.p>
      Want to see more of my work or get in touch. Get in contact through my socials ✌️
    </styled.p>
    <div
      style={
        Object {
          "display": "flex",
          "gap": "16px",
        }
      }
    >
      <styled.a
        href="https://github.com/j-hutchinson"
        rel="noopener noreferrer"
        target="_blank"
      >
        More work
      </styled.a>
      <styled.a
        href="mailto:jackhutchy@hotmail.com?subject=Hey, I saw your site"
        rel="noopener noreferrer"
        target="_blank"
      >
        Contact
      </styled.a>
    </div>
  </styled.div>
</styled.section>
`;
