// Jest Snapshot v1, https://goo.gl/fbAQLP

exports[`App component component matches snapshot 1`] = `
<Component
  theme={
    Object {
      "background": "linear-gradient(to bottom right, #EDEBEF, #A6A7A4)",
      "border": "#32342B",
      "fontColor": "black",
      "primaryBackground": "#eee",
      "secondaryBackground": "radial-gradient(118.99% 670.46% at -7.06% -9.5%,#FFFFFF 0%,#F1F1F1 100%)",
      "sectionBackground": "radial-gradient(118.99% 670.46% at -7.06% -9.5%,#FFFFFF 0%,#F1F1F1 100%)",
    }
  }
>
  <Memo(l) />
  <Toggle
    toggleTheme={[Function]}
  />
  <Introduction />
  <styled.main>
    <Experience />
    <ContactMe />
  </styled.main>
</Component>
`;
